{
  "components": {
    "schemas": {
      "CreateItem": {
        "properties": {
          "name": {
            "type": "string"
          }
        },
        "required": [
          "name"
        ],
        "type": "object"
      }
    }
  },
  "info": {
    "title": "Demo API",
    "version": "0.1.0"
  },
  "openapi": "3.1.0",
  "paths": {
    "/items": {
      "post": {
        "operationId": "create_item",
        "requestBody": {
          "content": {
            "application/json": {
              "schema": {
                "$ref": "#/components/schemas/CreateItem"
              }
            }
          }
        },
        "responses": {
          "200": {
            "content": {
              "application/json": {
                "schema": {
                  "type": "object"
                }
              }
            },
            "description": "Success"
          }
        }
      }
    },
    "/items/{item_id}": {
      "get": {
        "operationId": "get_item",
        "parameters": [
          {
            "in": "path",
            "name": "item_id",
            "required": true,
            "schema": {
              "type": "integer"
            }
          }
        ],
        "responses": {
          "200": {
            "content": {
              "application/json": {
                "schema": {
                  "additionalProperties": {
                    "type": "object"
                  },
                  "type": "object"
                }
              }
            },
            "description": "Success"
          }
        }
      }
    },
    "/ping": {
      "get": {
        "operationId": "get_ping",
        "responses": {
          "200": {
            "content": {
              "text/plain": {
                "schema": {
                  "type": "string"
                }
              }
            },
            "description": "Success"
          }
        }
      }
    }
  },
  "servers": [
    {
      "url": "https://{tenant}.{site}.{domain}",
      "variables": {
        "domain": {
          "default": "example.com"
        },
        "site": {
          "default": "demo"
        },
        "tenant": {
          "default": "public"
        }
      }
    }
  ]
}
