[
  {
    "name": "fetch_item",
    "request": {
      "host": "acme.demo.example.com",
      "method": "GET",
      "path": "/items/1",
      "tenant": "acme"
    },
    "response": {
      "body": {
        "json": {
          "id": 1,
          "name": "Item 1"
        }
      },
      "headers": [
        [
          "content-security-policy",
          "default-src 'self'"
        ],
        [
          "content-type",
          "application/json"
        ],
        [
          "cross-origin-opener-policy",
          "same-origin"
        ],
        [
          "permissions-policy",
          "geolocation=(), microphone=(), camera=()"
        ],
        [
          "referrer-policy",
          "no-referrer"
        ],
        [
          "strict-transport-security",
          "max-age=63072000; includeSubDomains; preload"
        ],
        [
          "traceparent",
          "00-00000000000000000000000000000001-0000000000000002-01"
        ],
        [
          "x-content-type-options",
          "nosniff"
        ],
        [
          "x-frame-options",
          "DENY"
        ]
      ],
      "status": 200
    }
  },
  {
    "name": "create_item",
    "request": {
      "headers": [
        [
          "content-type",
          "application/json"
        ]
      ],
      "host": "acme.demo.example.com",
      "json": {
        "name": "Sample"
      },
      "method": "POST",
      "path": "/items",
      "tenant": "acme"
    },
    "response": {
      "body": {
        "json": {
          "created": "Sample"
        }
      },
      "headers": [
        [
          "content-security-policy",
          "default-src 'self'"
        ],
        [
          "content-type",
          "application/json"
        ],
        [
          "cross-origin-opener-policy",
          "same-origin"
        ],
        [
          "permissions-policy",
          "geolocation=(), microphone=(), camera=()"
        ],
        [
          "referrer-policy",
          "no-referrer"
        ],
        [
          "strict-transport-security",
          "max-age=63072000; includeSubDomains; preload"
        ],
        [
          "traceparent",
          "00-00000000000000000000000000000005-0000000000000006-01"
        ],
        [
          "x-content-type-options",
          "nosniff"
        ],
        [
          "x-frame-options",
          "DENY"
        ]
      ],
      "status": 201
    }
  }
]
